// Jest Snapshot v1, https://goo.gl/fbAQLP

exports[`DOM should match snapshot 1`] = `
<div
  className="fslightbox-invalid-file-wrapper fslightbox-flex-centered"
>
  Invalid file
</div>
`;

exports[`Invalid DOM should match snapshot 1`] = `
<div
  className="fslightbox-invalid-file-wrapper fslightbox-flex-centered"
>
  Invalid file
</div>
`;
